2025-11-05 15:09:33 [scrapy.utils.log] INFO: Scrapy 2.13.3 started (bot: web_crawler)
2025-11-05 15:09:33 [scrapy.utils.log] INFO: Versions:
{'lxml': '6.0.2',
 'libxml2': '2.14.6',
 'cssselect': '1.3.0',
 'parsel': '1.10.0',
 'w3lib': '2.3.1',
 'Twisted': '25.5.0',
 'Python': '3.11.5 (main, Sep 11 2023, 13:54:46) [GCC 11.2.0]',
 'pyOpenSSL': '25.3.0 (OpenSSL 3.5.4 30 Sep 2025)',
 'cryptography': '46.0.3',
 'Platform': 'Linux-6.17.0-6-generic-x86_64-with-glibc2.42'}
2025-11-05 15:09:33 [scrapy.addons] INFO: Enabled addons:
[]
2025-11-05 15:09:33 [scrapy.extensions.telnet] INFO: Telnet Password: 809a343ea69dc600
2025-11-05 15:09:33 [scrapy.middleware] INFO: Enabled extensions:
['scrapy.extensions.corestats.CoreStats',
 'scrapy.extensions.telnet.TelnetConsole',
 'scrapy.extensions.memusage.MemoryUsage',
 'scrapy.extensions.logstats.LogStats',
 'scrapy.extensions.spiderstate.SpiderState',
 'scrapy.extensions.throttle.AutoThrottle']
2025-11-05 15:09:33 [scrapy.crawler] INFO: Overridden settings:
{'AUTOTHROTTLE_ENABLED': True,
 'AUTOTHROTTLE_MAX_DELAY': 10.0,
 'AUTOTHROTTLE_START_DELAY': 0.5,
 'AUTOTHROTTLE_TARGET_CONCURRENCY': 2.0,
 'BOT_NAME': 'web_crawler',
 'COOKIES_ENABLED': False,
 'DOWNLOAD_TIMEOUT': 30,
 'FEED_EXPORT_ENCODING': 'utf-8',
 'JOBDIR': '.job/books_run',
 'LOG_FILE': '/home/clarion-isige/Documents/Work/Filerskeepers/web_crawler/web_crawler/../../logs/crawl_2025-11-05_15-09-32.log',
 'LOG_LEVEL': 'INFO',
 'NEWSPIDER_MODULE': 'web_crawler.spiders',
 'RETRY_TIMES': 3,
 'ROBOTSTXT_OBEY': True,
 'SPIDER_MODULES': ['web_crawler.spiders']}
2025-11-05 15:09:33 [scrapy.middleware] INFO: Enabled downloader middlewares:
['scrapy.downloadermiddlewares.offsite.OffsiteMiddleware',
 'scrapy.downloadermiddlewares.robotstxt.RobotsTxtMiddleware',
 'scrapy.downloadermiddlewares.httpauth.HttpAuthMiddleware',
 'scrapy.downloadermiddlewares.downloadtimeout.DownloadTimeoutMiddleware',
 'scrapy.downloadermiddlewares.defaultheaders.DefaultHeadersMiddleware',
 'scrapy.downloadermiddlewares.useragent.UserAgentMiddleware',
 'scrapy.downloadermiddlewares.retry.RetryMiddleware',
 'scrapy.downloadermiddlewares.redirect.MetaRefreshMiddleware',
 'scrapy.downloadermiddlewares.httpcompression.HttpCompressionMiddleware',
 'scrapy.downloadermiddlewares.redirect.RedirectMiddleware',
 'scrapy.downloadermiddlewares.httpproxy.HttpProxyMiddleware',
 'scrapy.downloadermiddlewares.stats.DownloaderStats']
2025-11-05 15:09:33 [scrapy.middleware] INFO: Enabled spider middlewares:
['scrapy.spidermiddlewares.start.StartSpiderMiddleware',
 'scrapy.spidermiddlewares.httperror.HttpErrorMiddleware',
 'scrapy.spidermiddlewares.referer.RefererMiddleware',
 'scrapy.spidermiddlewares.urllength.UrlLengthMiddleware',
 'scrapy.spidermiddlewares.depth.DepthMiddleware']
2025-11-05 15:09:33 [scrapy.middleware] INFO: Enabled item pipelines:
['web_crawler.pipelines.MongoBookPipeline']
2025-11-05 15:09:33 [scrapy.core.engine] INFO: Spider opened
2025-11-05 15:09:33 [scrapy.core.scheduler] INFO: Resuming crawl (157 requests scheduled)
2025-11-05 15:09:35 [scrapy.extensions.logstats] INFO: Crawled 0 pages (at 0 pages/min), scraped 0 items (at 0 items/min)
2025-11-05 15:09:35 [scrapy.extensions.telnet] INFO: Telnet console listening on 127.0.0.1:6023
2025-11-05 15:09:36 [books] INFO: Inserted new book 224fa77d4b248046
2025-11-05 15:09:37 [books] INFO: Inserted new book 89a89e76f3516357
2025-11-05 15:09:38 [books] INFO: Inserted new book 75cc85cdbe9ad46b
2025-11-05 15:09:38 [books] INFO: Inserted new book 03cbb67c0f990d87
2025-11-05 15:09:39 [books] INFO: Inserted new book c40b70e0f6d80189
2025-11-05 15:09:39 [books] INFO: Inserted new book 9e9932ae1a7d0943
2025-11-05 15:09:40 [books] INFO: Inserted new book dab5e75d1339706a
2025-11-05 15:09:40 [books] INFO: Inserted new book 97b8f130d32e9f4e
2025-11-05 15:09:40 [books] INFO: Inserted new book 6fa3ea52c8e31e06
2025-11-05 15:09:41 [books] INFO: Inserted new book 7bf87402413c27ff
2025-11-05 15:09:41 [books] INFO: Inserted new book 8e0bc2fe4e7d35b5
2025-11-05 15:09:42 [books] INFO: Inserted new book 7e9579921e5407cb
2025-11-05 15:09:42 [books] INFO: Inserted new book 984b3b6e7479b571
2025-11-05 15:09:42 [books] INFO: Inserted new book 16e843e6b853cc2f
2025-11-05 15:09:43 [books] INFO: Inserted new book 0ce8075fab4a2b5b
2025-11-05 15:09:43 [books] INFO: Inserted new book 510832818edb6fbc
2025-11-05 15:09:44 [books] INFO: Inserted new book 35e69a79d2b1e804
2025-11-05 15:09:44 [books] INFO: Inserted new book 3e42ac0f4d43320f
2025-11-05 15:09:45 [books] INFO: Inserted new book 61bc8167c9680283
2025-11-05 15:09:45 [books] INFO: Inserted new book 68407606544d6f22
2025-11-05 15:09:45 [books] INFO: Inserted new book ba047a636b7d3793
2025-11-05 15:09:46 [books] INFO: Inserted new book 7a10353c9c54cf7c
2025-11-05 15:09:46 [books] INFO: Inserted new book 47f4fd3e8e1dac05
2025-11-05 15:09:47 [books] INFO: Inserted new book 61cf7eb9d2cd8bb0
2025-11-05 15:09:47 [books] INFO: Inserted new book c181ca8eabe7d18c
2025-11-05 15:09:47 [books] INFO: Inserted new book ab60e6f5a63e1cfb
2025-11-05 15:09:48 [books] INFO: Inserted new book d1848064c54e01c7
2025-11-05 15:09:48 [books] INFO: Inserted new book 81ef44fcc5f454df
2025-11-05 15:09:48 [books] INFO: Inserted new book 64fd010bf8d15096
2025-11-05 15:09:49 [books] INFO: Inserted new book 3063c7e95d0bf76f
2025-11-05 15:09:49 [books] INFO: Inserted new book b003f8bb02f76dc5
2025-11-05 15:09:50 [books] INFO: Inserted new book e9056f9b5a40a301
2025-11-05 15:09:50 [books] INFO: Inserted new book feaaae90514eb2ac
2025-11-05 15:09:51 [books] INFO: Inserted new book 322a9e34d87f54b1
2025-11-05 15:09:51 [books] INFO: Inserted new book c7c4f55b7321cba7
2025-11-05 15:09:51 [books] INFO: Inserted new book 73f4f87dd936ee5c
2025-11-05 15:09:52 [books] INFO: Inserted new book 5a6b7155f2797537
2025-11-05 15:09:52 [books] INFO: Inserted new book ae884ac655d6ee3e
2025-11-05 15:09:53 [books] INFO: Inserted new book 8930013d06942df1
2025-11-05 15:09:53 [books] INFO: Inserted new book ff2dffba388d9922
2025-11-05 15:09:53 [books] INFO: Inserted new book f2c8f4b4c94d5c5c
2025-11-05 15:09:54 [books] INFO: Inserted new book 84126312e2431a09
2025-11-05 15:09:54 [books] INFO: Inserted new book a2a9f76339d21ab1
2025-11-05 15:09:55 [books] INFO: Inserted new book e0b3a679b83caccc
2025-11-05 15:09:55 [books] INFO: Inserted new book d1378a0ad06ff979
2025-11-05 15:09:55 [books] INFO: Inserted new book 4fa75fc6829431ca
2025-11-05 15:09:56 [books] INFO: Inserted new book eff24325e0ede639
2025-11-05 15:09:56 [books] INFO: Inserted new book f36d24c309e87e5b
2025-11-05 15:09:57 [books] INFO: Inserted new book 45045146dbf7b009
2025-11-05 15:09:57 [books] INFO: Inserted new book 44f545727e704187
2025-11-05 15:09:58 [books] INFO: Inserted new book 5e1a88d248599768
2025-11-05 15:09:58 [books] INFO: Inserted new book 50d5a7b861ed1c54
2025-11-05 15:09:58 [books] INFO: Inserted new book c4182bdb53e2459a
2025-11-05 15:09:59 [books] INFO: Inserted new book 3a7d54a264d9f33e
2025-11-05 15:09:59 [books] INFO: Inserted new book 60369d96b7b80869
2025-11-05 15:10:00 [books] INFO: Inserted new book e75f3ae1da1cc652
2025-11-05 15:10:00 [books] INFO: Inserted new book 2a1b3d967cda1da2
2025-11-05 15:10:00 [books] INFO: Inserted new book 746029796363aa51
2025-11-05 15:10:01 [books] INFO: Inserted new book df6a7c43faa6732b
2025-11-05 15:10:01 [books] INFO: Inserted new book 9a7291b89bd5445c
2025-11-05 15:10:02 [books] INFO: Inserted new book 331c26103d885cae
2025-11-05 15:10:02 [books] INFO: Inserted new book e845d305f64154f1
2025-11-05 15:10:02 [books] INFO: Inserted new book e77594ece9b9d1fe
2025-11-05 15:10:03 [books] INFO: Inserted new book c65c25d990fc7025
2025-11-05 15:10:03 [books] INFO: Inserted new book db84624b151cbe06
2025-11-05 15:10:04 [books] INFO: Inserted new book e88fb1c9397cfb27
2025-11-05 15:10:04 [books] INFO: Inserted new book 6875c5657661b2fb
2025-11-05 15:10:05 [books] INFO: Inserted new book caf4fe9311f1dc59
2025-11-05 15:10:05 [books] INFO: Inserted new book 0c27e6c3744fc14b
2025-11-05 15:10:05 [books] INFO: Inserted new book 228f74b74f3a08ae
2025-11-05 15:10:06 [books] INFO: Inserted new book b757c0c361e689ce
2025-11-05 15:10:06 [books] INFO: Inserted new book 80cfab6bcff3a244
2025-11-05 15:10:07 [books] INFO: Inserted new book 31075275518532d7
2025-11-05 15:10:07 [books] INFO: Inserted new book 4eed62cf5f8d8edf
2025-11-05 15:10:07 [books] INFO: Inserted new book 63d5f1651880dcea
2025-11-05 15:10:08 [books] INFO: Inserted new book 4a7a25be293ad678
2025-11-05 15:10:08 [books] INFO: Inserted new book 2f0213137a80d485
2025-11-05 15:10:09 [books] INFO: Inserted new book 966ebb738e0f9d9b
2025-11-05 15:10:09 [books] INFO: Inserted new book 3c6fe637a0180b01
2025-11-05 15:10:09 [books] INFO: Inserted new book 2b52334fab158861
2025-11-05 15:10:10 [books] INFO: Inserted new book dc6f688b82e42a5b
2025-11-05 15:10:10 [books] INFO: Inserted new book 992974ba6a0536ea
2025-11-05 15:10:11 [books] INFO: Inserted new book 4ce91d31c1e57c33
2025-11-05 15:10:11 [books] INFO: Inserted new book 2dbb7ec08cdd7f3c
2025-11-05 15:10:12 [books] INFO: Inserted new book 590a9cccf7db9f7d
2025-11-05 15:10:12 [books] INFO: Inserted new book 01d2001ac1e6f8a3
2025-11-05 15:10:13 [books] INFO: Inserted new book 6d5300b2d8f37e07
2025-11-05 15:10:13 [books] INFO: Inserted new book 7267864328ae8b9d
2025-11-05 15:10:14 [books] INFO: Inserted new book fa9610a50a1bf149
2025-11-05 15:10:14 [books] INFO: Inserted new book 0e691eda369f4e09
2025-11-05 15:10:14 [books] INFO: Inserted new book c849f0b2f5d6a742
2025-11-05 15:10:15 [books] INFO: Inserted new book 7ae099f3898e0209
2025-11-05 15:10:15 [books] INFO: Inserted new book b63ea3f7a57ae099
2025-11-05 15:10:16 [books] INFO: Inserted new book f732d7d18a91d2ba
2025-11-05 15:10:16 [books] INFO: Inserted new book 41164b8ac02a2c42
2025-11-05 15:10:16 [books] INFO: Inserted new book e2e7b683b4c15b7d
2025-11-05 15:10:17 [books] INFO: Inserted new book ad2887ce04583910
2025-11-05 15:10:17 [books] INFO: Inserted new book 137b0b2775701e11
2025-11-05 15:10:18 [books] INFO: Inserted new book 6edacfd1f8ebb9eb
2025-11-05 15:10:18 [books] INFO: Inserted new book f0f38174a7e689a3
2025-11-05 15:10:18 [books] INFO: Inserted new book aba2db9afb1469c7
2025-11-05 15:10:19 [books] INFO: Inserted new book 3fb15ace50d6142b
2025-11-05 15:10:19 [books] INFO: Inserted new book 116a2fdc9a45bab0
2025-11-05 15:10:19 [books] INFO: Inserted new book ba54932df84e8cea
2025-11-05 15:10:20 [books] INFO: Inserted new book 50b8f80311b31ede
2025-11-05 15:10:20 [books] INFO: Inserted new book 1c929cfd16b71907
2025-11-05 15:10:21 [books] INFO: Inserted new book 842790dfaa937484
2025-11-05 15:10:21 [books] INFO: Inserted new book 5ceb951f629700a2
2025-11-05 15:10:22 [books] INFO: Inserted new book cedf82b5086e4691
2025-11-05 15:10:22 [books] INFO: Inserted new book 3c346ab1e76ae1f6
2025-11-05 15:10:23 [books] INFO: Inserted new book ce6396b0f23f6ecc
2025-11-05 15:10:23 [books] INFO: Inserted new book f77dbf2323deb740
2025-11-05 15:10:23 [books] INFO: Inserted new book b6f1cfadc4dd79d4
2025-11-05 15:10:24 [books] INFO: Inserted new book c068c013d6921fea
2025-11-05 15:10:24 [books] INFO: Inserted new book 6e473eff459e809f
2025-11-05 15:10:25 [books] INFO: Inserted new book 08db62f24627e71f
2025-11-05 15:10:25 [books] INFO: Inserted new book 99ff4cc6491e8f5c
2025-11-05 15:10:25 [books] INFO: Inserted new book acddfeab2a407640
2025-11-05 15:10:26 [books] INFO: Inserted new book 61002f3b7ba5d780
2025-11-05 15:10:26 [books] INFO: Inserted new book 63c0826ef59eae66
2025-11-05 15:10:27 [books] INFO: Inserted new book c6bf14cb901c63ac
2025-11-05 15:10:27 [books] INFO: Inserted new book 6036239d2ab349b7
2025-11-05 15:10:28 [books] INFO: Inserted new book 3213b1f13f5f0f7c
2025-11-05 15:10:28 [books] INFO: Inserted new book 0345872b14f9e774
2025-11-05 15:10:28 [books] INFO: Inserted new book 0c11e2d068768dbb
2025-11-05 15:10:29 [books] INFO: Inserted new book ca74f2e3c35a3e77
2025-11-05 15:10:29 [books] INFO: Inserted new book 148715df5a02ea5e
2025-11-05 15:10:30 [books] INFO: Inserted new book e4f74c16de34d440
2025-11-05 15:10:30 [books] INFO: Inserted new book aadee1c326d286e3
2025-11-05 15:10:31 [books] INFO: Inserted new book 3edcccc4f341fb1a
2025-11-05 15:10:31 [books] INFO: Inserted new book b228042c088b1913
2025-11-05 15:10:31 [books] INFO: Inserted new book 3d250ab0f12be445
2025-11-05 15:10:32 [books] INFO: Inserted new book b54d7416bb445989
2025-11-05 15:10:32 [books] INFO: Inserted new book b74ee891e2a6dd69
2025-11-05 15:10:32 [books] INFO: Inserted new book b7870fa6dc088fbb
2025-11-05 15:10:33 [books] INFO: Inserted new book c44c5e1425475206
2025-11-05 15:10:33 [books] INFO: Inserted new book c0fc0cd215ee1724
2025-11-05 15:10:34 [books] INFO: Inserted new book aa35446aab16017f
2025-11-05 15:10:34 [books] INFO: Inserted new book 86cbddb61ea78bb7
2025-11-05 15:10:34 [books] INFO: Inserted new book cfeb1e1e0e695b58
2025-11-05 15:10:35 [scrapy.extensions.logstats] INFO: Crawled 142 pages (at 142 pages/min), scraped 140 items (at 140 items/min)
2025-11-05 15:10:35 [books] INFO: Inserted new book 31001a1210623bd4
2025-11-05 15:10:35 [books] INFO: Inserted new book 657fe5ead67a7767
2025-11-05 15:10:36 [books] INFO: Inserted new book b4fd5943413e089a
2025-11-05 15:10:36 [books] INFO: Inserted new book 55f9da0c5eea2e10
2025-11-05 15:10:37 [books] INFO: Inserted new book feb7cc7701ecf901
2025-11-05 15:10:37 [books] INFO: Inserted new book 30a7f60cd76ca58c
2025-11-05 15:10:37 [books] INFO: Inserted new book 1dfe412b8ac00530
2025-11-05 15:10:38 [books] INFO: Inserted new book 39861fc1c0845d15
2025-11-05 15:10:39 [books] INFO: Inserted new book 4b8fa561a1e52d1c
2025-11-05 15:10:39 [books] INFO: Inserted new book 9147c5251cc99eb1
2025-11-05 15:10:39 [books] INFO: Inserted new book a897fe39b1053632
2025-11-05 15:10:40 [books] INFO: Inserted new book 8a150fd8ff5d7686
2025-11-05 15:10:40 [books] INFO: Inserted new book 3eec766dda26fa64
2025-11-05 15:10:41 [books] INFO: Inserted new book d6d9ffea95f2f8bf
2025-11-05 15:10:41 [books] INFO: Inserted new book 9194ae88379dbf1a
2025-11-05 15:10:42 [books] INFO: Inserted new book ce8666d9b42fc9a0
2025-11-05 15:10:42 [books] INFO: Inserted new book 8e9dd8431170c09e
2025-11-05 15:10:42 [scrapy.core.engine] INFO: Closing spider (finished)
2025-11-05 15:10:43 [scrapy.statscollectors] INFO: Dumping Scrapy stats:
{'downloader/request_bytes': 57777,
 'downloader/request_count': 159,
 'downloader/request_method_count/GET': 159,
 'downloader/response_bytes': 3120788,
 'downloader/response_count': 159,
 'downloader/response_status_count/200': 158,
 'downloader/response_status_count/404': 1,
 'dupefilter/filtered': 50,
 'elapsed_time_seconds': 68.015887,
 'finish_reason': 'finished',
 'finish_time': datetime.datetime(2025, 11, 5, 12, 10, 43, 90142, tzinfo=datetime.timezone.utc),
 'item_scraped_count': 157,
 'items_per_minute': 138.52941176470588,
 'log_count/INFO': 169,
 'memusage/max': 93528064,
 'memusage/startup': 87064576,
 'request_depth_max': 1,
 'response_received_count': 159,
 'responses_per_minute': 140.29411764705884,
 'robotstxt/request_count': 1,
 'robotstxt/response_count': 1,
 'robotstxt/response_status_count/404': 1,
 'scheduler/dequeued': 158,
 'scheduler/dequeued/disk': 158,
 'scheduler/enqueued': 1,
 'scheduler/enqueued/disk': 1,
 'start_time': datetime.datetime(2025, 11, 5, 12, 9, 35, 74255, tzinfo=datetime.timezone.utc)}
2025-11-05 15:10:43 [scrapy.core.engine] INFO: Spider closed (finished)
