2025-11-06 10:39:09 [scrapy.utils.log] INFO: Scrapy 2.13.3 started (bot: web_crawler)
2025-11-06 10:39:09 [scrapy.utils.log] INFO: Versions:
{'lxml': '6.0.2',
 'libxml2': '2.14.6',
 'cssselect': '1.3.0',
 'parsel': '1.10.0',
 'w3lib': '2.3.1',
 'Twisted': '25.5.0',
 'Python': '3.11.5 (main, Sep 11 2023, 13:54:46) [GCC 11.2.0]',
 'pyOpenSSL': '25.3.0 (OpenSSL 3.5.4 30 Sep 2025)',
 'cryptography': '46.0.3',
 'Platform': 'Linux-6.17.0-6-generic-x86_64-with-glibc2.42'}
2025-11-06 10:39:09 [scrapy.addons] INFO: Enabled addons:
[]
2025-11-06 10:39:09 [scrapy.extensions.telnet] INFO: Telnet Password: a1bcdeba21dc6494
2025-11-06 10:39:09 [scrapy.middleware] INFO: Enabled extensions:
['scrapy.extensions.corestats.CoreStats',
 'scrapy.extensions.telnet.TelnetConsole',
 'scrapy.extensions.memusage.MemoryUsage',
 'scrapy.extensions.logstats.LogStats',
 'scrapy.extensions.spiderstate.SpiderState',
 'scrapy.extensions.throttle.AutoThrottle']
2025-11-06 10:39:09 [scrapy.crawler] INFO: Overridden settings:
{'AUTOTHROTTLE_ENABLED': True,
 'AUTOTHROTTLE_MAX_DELAY': 10.0,
 'AUTOTHROTTLE_START_DELAY': 0.5,
 'AUTOTHROTTLE_TARGET_CONCURRENCY': 2.0,
 'BOT_NAME': 'web_crawler',
 'COOKIES_ENABLED': False,
 'DOWNLOAD_TIMEOUT': 30,
 'FEED_EXPORT_ENCODING': 'utf-8',
 'JOBDIR': '.job/books_run',
 'LOG_FILE': '/home/clarion-isige/Documents/Work/Filerskeepers/web_crawler/web_crawler/../../logs/crawl_2025-11-06_10-39-08.log',
 'LOG_LEVEL': 'INFO',
 'NEWSPIDER_MODULE': 'web_crawler.spiders',
 'RETRY_TIMES': 3,
 'ROBOTSTXT_OBEY': True,
 'SPIDER_MODULES': ['web_crawler.spiders']}
2025-11-06 10:39:09 [scrapy.middleware] INFO: Enabled downloader middlewares:
['scrapy.downloadermiddlewares.offsite.OffsiteMiddleware',
 'scrapy.downloadermiddlewares.robotstxt.RobotsTxtMiddleware',
 'scrapy.downloadermiddlewares.httpauth.HttpAuthMiddleware',
 'scrapy.downloadermiddlewares.downloadtimeout.DownloadTimeoutMiddleware',
 'scrapy.downloadermiddlewares.defaultheaders.DefaultHeadersMiddleware',
 'scrapy.downloadermiddlewares.useragent.UserAgentMiddleware',
 'scrapy.downloadermiddlewares.retry.RetryMiddleware',
 'scrapy.downloadermiddlewares.redirect.MetaRefreshMiddleware',
 'scrapy.downloadermiddlewares.httpcompression.HttpCompressionMiddleware',
 'scrapy.downloadermiddlewares.redirect.RedirectMiddleware',
 'scrapy.downloadermiddlewares.httpproxy.HttpProxyMiddleware',
 'scrapy.downloadermiddlewares.stats.DownloaderStats']
2025-11-06 10:39:09 [scrapy.middleware] INFO: Enabled spider middlewares:
['scrapy.spidermiddlewares.start.StartSpiderMiddleware',
 'scrapy.spidermiddlewares.httperror.HttpErrorMiddleware',
 'scrapy.spidermiddlewares.referer.RefererMiddleware',
 'scrapy.spidermiddlewares.urllength.UrlLengthMiddleware',
 'scrapy.spidermiddlewares.depth.DepthMiddleware']
2025-11-06 10:39:09 [scrapy.middleware] INFO: Enabled item pipelines:
['web_crawler.pipelines.MongoBookPipeline']
2025-11-06 10:39:09 [scrapy.core.engine] INFO: Spider opened
2025-11-06 10:39:12 [scrapy.extensions.logstats] INFO: Crawled 0 pages (at 0 pages/min), scraped 0 items (at 0 items/min)
2025-11-06 10:39:12 [scrapy.utils.signal] ERROR: Error caught on signal handler: <bound method SpiderState.spider_opened of <scrapy.extensions.spiderstate.SpiderState object at 0x77f651f03250>>
Traceback (most recent call last):
  File "/home/clarion-isige/Documents/Work/Filerskeepers/files_env/lib/python3.11/site-packages/scrapy/utils/defer.py", line 417, in maybeDeferred_coro
    result = f(*args, **kw)
             ^^^^^^^^^^^^^^
  File "/home/clarion-isige/Documents/Work/Filerskeepers/files_env/lib/python3.11/site-packages/pydispatch/robustapply.py", line 55, in robustApply
    return receiver(*arguments, **named)
           ^^^^^^^^^^^^^^^^^^^^^^^^^^^^^
  File "/home/clarion-isige/Documents/Work/Filerskeepers/files_env/lib/python3.11/site-packages/scrapy/extensions/spiderstate.py", line 44, in spider_opened
    spider.state = pickle.load(f)  # type: ignore[attr-defined]  # noqa: S301
                   ^^^^^^^^^^^^^^
EOFError: Ran out of input
2025-11-06 10:39:12 [scrapy.extensions.telnet] INFO: Telnet console listening on 127.0.0.1:6023
2025-11-06 10:39:13 [scrapy.core.engine] INFO: Closing spider (finished)
2025-11-06 10:39:13 [scrapy.utils.signal] ERROR: Error caught on signal handler: <bound method SpiderState.spider_closed of <scrapy.extensions.spiderstate.SpiderState object at 0x77f651f03250>>
Traceback (most recent call last):
  File "/home/clarion-isige/Documents/Work/Filerskeepers/files_env/lib/python3.11/site-packages/scrapy/utils/defer.py", line 417, in maybeDeferred_coro
    result = f(*args, **kw)
             ^^^^^^^^^^^^^^
  File "/home/clarion-isige/Documents/Work/Filerskeepers/files_env/lib/python3.11/site-packages/pydispatch/robustapply.py", line 55, in robustApply
    return receiver(*arguments, **named)
           ^^^^^^^^^^^^^^^^^^^^^^^^^^^^^
  File "/home/clarion-isige/Documents/Work/Filerskeepers/files_env/lib/python3.11/site-packages/scrapy/extensions/spiderstate.py", line 38, in spider_closed
    assert hasattr(spider, "state")  # set in spider_opened
    ^^^^^^^^^^^^^^^^^^^^^^^^^^^^^^^
AssertionError
2025-11-06 10:39:13 [scrapy.statscollectors] INFO: Dumping Scrapy stats:
{'downloader/request_bytes': 448,
 'downloader/request_count': 2,
 'downloader/request_method_count/GET': 2,
 'downloader/response_bytes': 51883,
 'downloader/response_count': 2,
 'downloader/response_status_count/200': 1,
 'downloader/response_status_count/404': 1,
 'dupefilter/filtered': 50,
 'elapsed_time_seconds': 1.91553,
 'finish_reason': 'finished',
 'finish_time': datetime.datetime(2025, 11, 6, 7, 39, 13, 939439, tzinfo=datetime.timezone.utc),
 'items_per_minute': 0.0,
 'log_count/ERROR': 2,
 'log_count/INFO': 10,
 'memusage/max': 86880256,
 'memusage/startup': 86880256,
 'request_depth_max': 1,
 'response_received_count': 2,
 'responses_per_minute': 120.0,
 'robotstxt/request_count': 1,
 'robotstxt/response_count': 1,
 'robotstxt/response_status_count/404': 1,
 'scheduler/dequeued': 1,
 'scheduler/dequeued/disk': 1,
 'scheduler/enqueued': 1,
 'scheduler/enqueued/disk': 1,
 'start_time': datetime.datetime(2025, 11, 6, 7, 39, 12, 23909, tzinfo=datetime.timezone.utc)}
2025-11-06 10:39:13 [scrapy.core.engine] INFO: Spider closed (finished)
