2025-11-05 15:08:20 [scrapy.utils.log] INFO: Scrapy 2.13.3 started (bot: web_crawler)
2025-11-05 15:08:20 [scrapy.utils.log] INFO: Versions:
{'lxml': '6.0.2',
 'libxml2': '2.14.6',
 'cssselect': '1.3.0',
 'parsel': '1.10.0',
 'w3lib': '2.3.1',
 'Twisted': '25.5.0',
 'Python': '3.11.5 (main, Sep 11 2023, 13:54:46) [GCC 11.2.0]',
 'pyOpenSSL': '25.3.0 (OpenSSL 3.5.4 30 Sep 2025)',
 'cryptography': '46.0.3',
 'Platform': 'Linux-6.17.0-6-generic-x86_64-with-glibc2.42'}
2025-11-05 15:08:20 [scrapy.addons] INFO: Enabled addons:
[]
2025-11-05 15:08:20 [scrapy.extensions.telnet] INFO: Telnet Password: 4f19d891ad5ef6cd
2025-11-05 15:08:21 [scrapy.middleware] INFO: Enabled extensions:
['scrapy.extensions.corestats.CoreStats',
 'scrapy.extensions.telnet.TelnetConsole',
 'scrapy.extensions.memusage.MemoryUsage',
 'scrapy.extensions.logstats.LogStats',
 'scrapy.extensions.spiderstate.SpiderState',
 'scrapy.extensions.throttle.AutoThrottle']
2025-11-05 15:08:21 [scrapy.crawler] INFO: Overridden settings:
{'AUTOTHROTTLE_ENABLED': True,
 'AUTOTHROTTLE_MAX_DELAY': 10.0,
 'AUTOTHROTTLE_START_DELAY': 0.5,
 'AUTOTHROTTLE_TARGET_CONCURRENCY': 2.0,
 'BOT_NAME': 'web_crawler',
 'COOKIES_ENABLED': False,
 'DOWNLOAD_TIMEOUT': 30,
 'FEED_EXPORT_ENCODING': 'utf-8',
 'JOBDIR': '.job/books_run',
 'LOG_FILE': '/home/clarion-isige/Documents/Work/Filerskeepers/web_crawler/web_crawler/../../logs/crawl_2025-11-05_15-08-20.log',
 'LOG_LEVEL': 'INFO',
 'NEWSPIDER_MODULE': 'web_crawler.spiders',
 'RETRY_TIMES': 3,
 'ROBOTSTXT_OBEY': True,
 'SPIDER_MODULES': ['web_crawler.spiders']}
2025-11-05 15:08:21 [scrapy.middleware] INFO: Enabled downloader middlewares:
['scrapy.downloadermiddlewares.offsite.OffsiteMiddleware',
 'scrapy.downloadermiddlewares.robotstxt.RobotsTxtMiddleware',
 'scrapy.downloadermiddlewares.httpauth.HttpAuthMiddleware',
 'scrapy.downloadermiddlewares.downloadtimeout.DownloadTimeoutMiddleware',
 'scrapy.downloadermiddlewares.defaultheaders.DefaultHeadersMiddleware',
 'scrapy.downloadermiddlewares.useragent.UserAgentMiddleware',
 'scrapy.downloadermiddlewares.retry.RetryMiddleware',
 'scrapy.downloadermiddlewares.redirect.MetaRefreshMiddleware',
 'scrapy.downloadermiddlewares.httpcompression.HttpCompressionMiddleware',
 'scrapy.downloadermiddlewares.redirect.RedirectMiddleware',
 'scrapy.downloadermiddlewares.httpproxy.HttpProxyMiddleware',
 'scrapy.downloadermiddlewares.stats.DownloaderStats']
2025-11-05 15:08:21 [scrapy.middleware] INFO: Enabled spider middlewares:
['scrapy.spidermiddlewares.start.StartSpiderMiddleware',
 'scrapy.spidermiddlewares.httperror.HttpErrorMiddleware',
 'scrapy.spidermiddlewares.referer.RefererMiddleware',
 'scrapy.spidermiddlewares.urllength.UrlLengthMiddleware',
 'scrapy.spidermiddlewares.depth.DepthMiddleware']
2025-11-05 15:08:21 [scrapy.middleware] INFO: Enabled item pipelines:
['web_crawler.pipelines.MongoBookPipeline']
2025-11-05 15:08:21 [scrapy.core.engine] INFO: Spider opened
2025-11-05 15:08:21 [scrapy.core.scheduler] INFO: Resuming crawl (157 requests scheduled)
2025-11-05 15:08:23 [scrapy.extensions.logstats] INFO: Crawled 0 pages (at 0 pages/min), scraped 0 items (at 0 items/min)
2025-11-05 15:08:23 [scrapy.extensions.telnet] INFO: Telnet console listening on 127.0.0.1:6023
2025-11-05 15:08:25 [books] INFO: Inserted new book 9c4d061c1e2fe6bf
2025-11-05 15:08:26 [books] INFO: Inserted new book 8dde2ff3f6fcc0a3
2025-11-05 15:08:26 [books] INFO: Inserted new book 012170e4fc87ace0
2025-11-05 15:08:26 [books] INFO: Inserted new book 1b8187fa4bf6ab05
2025-11-05 15:08:27 [books] INFO: Inserted new book 847935fc68707426
2025-11-05 15:08:27 [books] INFO: Inserted new book 024387ca4cafd5cc
2025-11-05 15:08:28 [books] INFO: Inserted new book be5cc846f45496fb
2025-11-05 15:08:28 [books] INFO: Inserted new book 5dada2b7be26bd03
2025-11-05 15:08:28 [books] INFO: Inserted new book 23356462d1320d61
2025-11-05 15:08:29 [books] INFO: Inserted new book 48cb52d78c992487
2025-11-05 15:08:29 [books] INFO: Inserted new book 8fab4c4f6f82a4ce
2025-11-05 15:08:30 [books] INFO: Inserted new book 513271dadc1322ae
2025-11-05 15:08:30 [books] INFO: Inserted new book 7d6d2a6c0276f81b
2025-11-05 15:08:31 [books] INFO: Inserted new book 88ec621893e595d0
2025-11-05 15:08:31 [books] INFO: Inserted new book 8ecf0356a3878811
2025-11-05 15:08:32 [books] INFO: Inserted new book 6258a1f6a6dcfe50
2025-11-05 15:08:32 [books] INFO: Inserted new book a6f99b9e687f9d46
2025-11-05 15:08:32 [books] INFO: Inserted new book 9ffa38d3b832433a
2025-11-05 15:08:37 [books] INFO: Inserted new book bb8245f52c7cce8f
2025-11-05 15:08:37 [books] INFO: Inserted new book 3968e3fbf4695d7c
2025-11-05 15:08:38 [books] INFO: Inserted new book f9c87ccb2bc4853b
2025-11-05 15:08:38 [books] INFO: Inserted new book 1bba4b1ba23ed2d6
2025-11-05 15:08:39 [books] INFO: Inserted new book 96aa539bfd4c07e2
2025-11-05 15:08:39 [books] INFO: Inserted new book 88c21fcd38e2486e
2025-11-05 15:08:40 [books] INFO: Inserted new book 0e095ed785af7e43
2025-11-05 15:08:40 [books] INFO: Inserted new book 66a4e422b212726a
2025-11-05 15:08:40 [books] INFO: Inserted new book e7e87087b1a44711
2025-11-05 15:08:41 [books] INFO: Inserted new book eb7459e0c570251d
2025-11-05 15:08:41 [books] INFO: Inserted new book e63c3f25338baf9a
2025-11-05 15:08:42 [books] INFO: Inserted new book 6f2c0a9adbb2bca9
2025-11-05 15:08:42 [books] INFO: Inserted new book 281a244ce1954711
2025-11-05 15:08:43 [books] INFO: Inserted new book 1528279aec1f3dce
2025-11-05 15:08:44 [books] INFO: Inserted new book e46a164cf310fd7d
2025-11-05 15:08:45 [books] INFO: Inserted new book 4c82371b8cd02d4d
2025-11-05 15:08:45 [books] INFO: Inserted new book 14e44163678e24dc
2025-11-05 15:08:45 [books] INFO: Inserted new book 44d97b6707dae3f0
2025-11-05 15:08:46 [books] INFO: Inserted new book 01a177623cce9596
2025-11-05 15:08:46 [books] INFO: Inserted new book 1ad06aed9349af46
2025-11-05 15:08:46 [books] INFO: Inserted new book c1379d3744f1dd2c
2025-11-05 15:08:47 [books] INFO: Inserted new book 1fbb5f786e53a0ce
2025-11-05 15:08:47 [books] INFO: Inserted new book bfbb54bc8cdeed2b
2025-11-05 15:08:48 [books] INFO: Inserted new book 33a3e0e3ffde0dcd
2025-11-05 15:08:48 [books] INFO: Inserted new book 47d47155e89c8be7
2025-11-05 15:08:49 [books] INFO: Inserted new book 3d76bc83c6b644c9
2025-11-05 15:08:49 [books] INFO: Inserted new book f72f61ad6a5f12ed
2025-11-05 15:08:50 [books] INFO: Inserted new book 0e4e2d31c2fb3aad
2025-11-05 15:08:51 [books] INFO: Inserted new book 87beabf664115d79
2025-11-05 15:08:51 [books] INFO: Inserted new book 5d22e2a46604b6e7
2025-11-05 15:08:52 [books] INFO: Inserted new book b843f52a986a2914
2025-11-05 15:08:52 [books] INFO: Inserted new book 468bd274ac084bb9
2025-11-05 15:08:53 [books] INFO: Inserted new book b28c7d07afa7063b
2025-11-05 15:08:54 [books] INFO: Inserted new book 2e4fc5eacceec12c
2025-11-05 15:08:54 [books] INFO: Inserted new book 56a34d0cec11d6b0
2025-11-05 15:08:54 [books] INFO: Inserted new book f38f37ed934d84b2
2025-11-05 15:08:55 [books] INFO: Inserted new book 720c36b2bee4692e
2025-11-05 15:08:55 [books] INFO: Inserted new book 2bc80eba94950873
2025-11-05 15:08:56 [books] INFO: Inserted new book d33824cb93ecab6f
2025-11-05 15:08:56 [books] INFO: Inserted new book d326e189b1210916
2025-11-05 15:08:56 [books] INFO: Inserted new book c00bc29a678a6efb
2025-11-05 15:08:57 [books] INFO: Inserted new book 5bc1fbccfbf2355c
2025-11-05 15:08:57 [books] INFO: Inserted new book fff8a057a40c4a60
2025-11-05 15:08:58 [books] INFO: Inserted new book 63e20a0f98218a87
2025-11-05 15:08:58 [books] INFO: Inserted new book 7ea31f38675b91c1
2025-11-05 15:08:59 [books] INFO: Inserted new book 8932e5c12f12ffed
2025-11-05 15:08:59 [books] INFO: Inserted new book 229cd6564bf0dce4
2025-11-05 15:09:00 [books] INFO: Inserted new book 3a9a7c5895e82646
2025-11-05 15:09:01 [books] INFO: Inserted new book 165affa7adb5eded
2025-11-05 15:09:01 [books] INFO: Inserted new book dbe33cf29ef1623d
2025-11-05 15:09:01 [books] INFO: Inserted new book 2ed3a794a70aa85f
2025-11-05 15:09:02 [books] INFO: Inserted new book 546da23278482b0a
2025-11-05 15:09:02 [books] INFO: Inserted new book b4f5672f68ec3a83
2025-11-05 15:09:03 [books] INFO: Inserted new book 5b2cd5b31a510848
2025-11-05 15:09:03 [scrapy.crawler] INFO: Received SIGINT, shutting down gracefully. Send again to force 
2025-11-05 15:09:03 [books] INFO: Inserted new book 07806456878931bc
2025-11-05 15:09:03 [scrapy.core.engine] INFO: Closing spider (shutdown)
2025-11-05 15:09:04 [books] INFO: Inserted new book cd3dcd83bb002e78
2025-11-05 15:09:04 [books] INFO: Inserted new book 970bd3316219e7dc
2025-11-05 15:09:04 [scrapy.crawler] INFO: Received SIGINT twice, forcing unclean shutdown
2025-11-05 15:09:04 [books] INFO: Inserted new book 487449f4f6322f0f
